============================= test session starts =============================
platform win32 -- Python 3.12.10, pytest-9.0.2, pluggy-1.6.0
rootdir: C:\Users\abudi\Personal Projects\EdgeLSTM
configfile: pyproject.toml
plugins: cov-7.1.0
collected 8 items

tests\unit\test_quantization.py ........                                 [100%]

============================== 8 passed in 0.25s ==============================
